<html>
<body>
<pre>
<h1>µVision Build Log</h1>
<h2>Tool Versions:</h2>
IDE-Version: ¦ÌVision V5.31.0.0
Copyright (C) 2020 ARM Ltd and ARM Germany GmbH. All rights reserved.
License Information: y z, tgu, LIC=JHY8T-RL1UE-EC0JK-ZBPFP-WTZ5Q-MS300
 
Tool Versions:
Toolchain:       *** Unknown Product ***  Version: 5.31.0.0
Toolchain Path:  C:\Keil_v5\ARM\ARMCC\Bin
C Compiler:      Armcc.exe V5.06 update 6 (build 750)
Assembler:       Armasm.exe V5.06 update 6 (build 750)
Linker/Locator:  ArmLink.exe V5.06 update 6 (build 750)
Library Manager: ArmAr.exe V5.06 update 6 (build 750)
Hex Converter:   FromElf.exe V5.06 update 6 (build 750)
CPU DLL:         SARMCM3.DLL V5.31.0.0
Dialog DLL:      DCM.DLL V1.17.3.0
Target DLL:      STLink\ST-LINKIII-KEIL_SWO.dll V3.0.7.0
Dialog DLL:      TCM.DLL V1.46.0.0
 
<h2>Project:</h2>
E:\stm32³ÌÐò\snake_robot\USER\USART.uvproj
Project File Date:  08/03/2020

<h2>Output:</h2>
  
Warning: *** SUPPORT EXPIRED, NEW PRODUCT SERIAL NUMBER REQUIRED ***
         *** Running with Code Size Limit: 32K                   ***
*** Using Compiler 'V5.06 update 6 (build 750)', folder: 'C:\Keil_v5\ARM\ARMCC\Bin'
Rebuild target 'USART'
assembling startup_stm32f40_41xxx.s...
compiling sys.c...
compiling stm32f4xx_it.c...
compiling led.c...
compiling main.c...
compiling delay.c...
compiling beep.c...
compiling key.c...
compiling misc.c...
compiling system_stm32f4xx.c...
compiling usart.c...
compiling Dynamixel.c...
compiling stm32f4xx_rcc.c...
compiling stm32f4xx_syscfg.c...
compiling stm32f4xx_gpio.c...
compiling stm32f4xx_usart.c...
linking...
Program Size: Code=8004 RO-data=424 RW-data=72 ZI-data=1656  
FromELF: creating hex file...
"..\OBJ\USART.axf" - 0 Error(s), 1 Warning(s).
Build Time Elapsed:  00:00:03
</pre>
</body>
</html>
